// Jest Snapshot v1, https://goo.gl/fbAQLP

exports[`App Component should match snapshot 1`] = `
<body>
  <div>
    <div
      class="App"
    >
      <p>
        Flag Off
      </p>
      <button>
        Change Flag
      </button>
    </div>
  </div>
</body>
`;
